2026-10-06T15:16:20Z	https://www.gesetzblatt.bremen.de/fastmedia/218/2020_03_13_GBl_Nr_0011_signed.pdf	200	application/pdf	1884288	https://www.gesetzblatt.bremen.de/fastmedia/218/2020_03_13_GBl_Nr_0011_signed.pdf
2026-10-06T15:16:25Z	https://www.gesetzblatt.bremen.de/fastmedia/218/2020_03_26_GBl_Nr_0014_signed.pdf	200	application/pdf	199040	https://www.gesetzblatt.bremen.de/fastmedia/218/2020_03_26_GBl_Nr_0014_signed.pdf
2026-10-06T15:16:31Z	https://www.gesetzblatt.bremen.de/fastmedia/218/2020_04_07_GBl_Nr_0022_signed.pdf	200	application/pdf	571751	https://www.gesetzblatt.bremen.de/fastmedia/218/2020_04_07_GBl_Nr_0022_signed.pdf
2026-10-06T15:16:36Z	https://www.gesetzblatt.bremen.de/fastmedia/218/2020_04_09_GBl_Nr_0023_signed.pdf	200	application/pdf	209274	https://www.gesetzblatt.bremen.de/fastmedia/218/2020_04_09_GBl_Nr_0023_signed.pdf
2026-10-06T15:16:41Z	https://www.gesetzblatt.bremen.de/fastmedia/218/2020_05_08_GBl_Nr_0033_signed.pdf	200	application/pdf	223998	https://www.gesetzblatt.bremen.de/fastmedia/218/2020_05_08_GBl_Nr_0033_signed.pdf
2026-10-06T15:16:46Z	https://www.gesetzblatt.bremen.de/fastmedia/218/2020_07_13_GBl_Nr_0063_signed.pdf	200	application/pdf	224850	https://www.gesetzblatt.bremen.de/fastmedia/218/2020_07_13_GBl_Nr_0063_signed.pdf
2026-10-06T15:16:51Z	https://www.gesetzblatt.bremen.de/fastmedia/218/2020_08_31_GBl_Nr_0089_signed.pdf	200	application/pdf	213639	https://www.gesetzblatt.bremen.de/fastmedia/218/2020_08_31_GBl_Nr_0089_signed.pdf
2026-10-06T15:16:56Z	https://www.gesetzblatt.bremen.de/fastmedia/218/2020_10_02_GBl_Nr_0104_signed.pdf	200	application/pdf	229805	https://www.gesetzblatt.bremen.de/fastmedia/218/2020_10_02_GBl_Nr_0104_signed.pdf
2026-10-06T15:17:11Z	https://www.gesetzblatt.bremen.de/fastmedia/218/2020_10_07_GBl_Nr_0108_signed.pdf	200	application/pdf	16647843	https://www.gesetzblatt.bremen.de/fastmedia/218/2020_10_07_GBl_Nr_0108_signed.pdf
2026-10-06T15:17:16Z	https://www.gesetzblatt.bremen.de/fastmedia/218/2020_10_15_GBl_Nr_0115_signed.pdf	200	application/pdf	238945	https://www.gesetzblatt.bremen.de/fastmedia/218/2020_10_15_GBl_Nr_0115_signed.pdf
2026-10-06T15:17:21Z	https://www.gesetzblatt.bremen.de/fastmedia/218/2020_10_20_GBl_Nr_0118_signed.pdf	200	application/pdf	198541	https://www.gesetzblatt.bremen.de/fastmedia/218/2020_10_20_GBl_Nr_0118_signed.pdf
2026-10-06T15:17:27Z	https://www.gesetzblatt.bremen.de/fastmedia/218/2020_11_02_GBl_Nr_0123_signed.pdf	200	application/pdf	198968	https://www.gesetzblatt.bremen.de/fastmedia/218/2020_11_02_GBl_Nr_0123_signed.pdf
2026-10-06T15:17:32Z	https://www.gesetzblatt.bremen.de/fastmedia/218/2020_12_03_GBl_Nr_0139_signed.pdf	200	application/pdf	281276	https://www.gesetzblatt.bremen.de/fastmedia/218/2020_12_03_GBl_Nr_0139_signed.pdf
2026-10-06T15:17:38Z	https://www.gesetzblatt.bremen.de/fastmedia/218/2020_12_07_GBl_Nr_0145_signed.pdf	200	application/pdf	1059289	https://www.gesetzblatt.bremen.de/fastmedia/218/2020_12_07_GBl_Nr_0145_signed.pdf
2026-10-06T15:17:43Z	https://www.gesetzblatt.bremen.de/fastmedia/218/2020_12_21_GBl_Nr_0160_signed.pdf	200	application/pdf	609667	https://www.gesetzblatt.bremen.de/fastmedia/218/2020_12_21_GBl_Nr_0160_signed.pdf
2026-10-06T15:17:48Z	https://www.gesetzblatt.bremen.de/fastmedia/218/2020_12_22_GBl_Nr_0162_signed.pdf	200	application/pdf	204102	https://www.gesetzblatt.bremen.de/fastmedia/218/2020_12_22_GBl_Nr_0162_signed.pdf
2026-10-06T15:17:54Z	https://www.gesetzblatt.bremen.de/fastmedia/218/2020_12_29_GBl_Nr_0170_signed.pdf	200	application/pdf	2105566	https://www.gesetzblatt.bremen.de/fastmedia/218/2020_12_29_GBl_Nr_0170_signed.pdf
2026-10-06T15:17:59Z	https://www.gesetzblatt.bremen.de/fastmedia/218/2020_12_29_GBl_Nr_0171_signed.pdf	200	application/pdf	198323	https://www.gesetzblatt.bremen.de/fastmedia/218/2020_12_29_GBl_Nr_0171_signed.pdf
2026-10-06T15:18:04Z	https://www.gesetzblatt.bremen.de/fastmedia/218/2020_12_30_GBl_Nr_0175_signed.pdf	200	application/pdf	545303	https://www.gesetzblatt.bremen.de/fastmedia/218/2020_12_30_GBl_Nr_0175_signed.pdf
2026-10-06T15:18:10Z	https://www.gesetzblatt.bremen.de/fastmedia/218/2021_02_23_GBl_Nr_0021_signed.pdf	200	application/pdf	253109	https://www.gesetzblatt.bremen.de/fastmedia/218/2021_02_23_GBl_Nr_0021_signed.pdf
2026-10-06T15:18:15Z	https://www.gesetzblatt.bremen.de/fastmedia/218/2021_02_26_GBl_Nr_0027_signed.pdf	200	application/pdf	311919	https://www.gesetzblatt.bremen.de/fastmedia/218/2021_02_26_GBl_Nr_0027_signed.pdf
2026-10-06T15:18:22Z	https://www.gesetzblatt.bremen.de/fastmedia/218/2021_03_02_GBl_Nr_0029_signed.pdf	200	application/pdf	2299997	https://www.gesetzblatt.bremen.de/fastmedia/218/2021_03_02_GBl_Nr_0029_signed.pdf
2026-10-06T15:18:28Z	https://www.gesetzblatt.bremen.de/fastmedia/218/2021_04_13_GBl_Nr_0045_signed.pdf	200	application/pdf	1080124	https://www.gesetzblatt.bremen.de/fastmedia/218/2021_04_13_GBl_Nr_0045_signed.pdf
2026-10-06T15:18:40Z	https://www.gesetzblatt.bremen.de/fastmedia/218/2021_04_14_GBl_Nr_0048_signed.pdf	200	application/pdf	31512432	https://www.gesetzblatt.bremen.de/fastmedia/218/2021_04_14_GBl_Nr_0048_signed.pdf
2026-10-06T15:18:45Z	https://www.gesetzblatt.bremen.de/fastmedia/218/2021_05_06_GBl_Nr_0058_signed.pdf	200	application/pdf	392733	https://www.gesetzblatt.bremen.de/fastmedia/218/2021_05_06_GBl_Nr_0058_signed.pdf
2026-10-06T15:18:51Z	https://www.gesetzblatt.bremen.de/fastmedia/218/2021_06_11_GBl_Nr_0067_signed.pdf	200	application/pdf	378877	https://www.gesetzblatt.bremen.de/fastmedia/218/2021_06_11_GBl_Nr_0067_signed.pdf
2026-10-06T15:18:56Z	https://www.gesetzblatt.bremen.de/fastmedia/218/2021_07_21_GBl_Nr_0082_signed.pdf	200	application/pdf	439045	https://www.gesetzblatt.bremen.de/fastmedia/218/2021_07_21_GBl_Nr_0082_signed.pdf
2026-10-06T15:19:02Z	https://www.gesetzblatt.bremen.de/fastmedia/218/2021_07_22_GBl_Nr_0085_signed.pdf	200	application/pdf	386201	https://www.gesetzblatt.bremen.de/fastmedia/218/2021_07_22_GBl_Nr_0085_signed.pdf
2026-10-06T15:19:07Z	https://www.gesetzblatt.bremen.de/fastmedia/218/2021_08_16_GBl_Nr_0096_signed.pdf	200	application/pdf	206122	https://www.gesetzblatt.bremen.de/fastmedia/218/2021_08_16_GBl_Nr_0096_signed.pdf
2026-10-06T15:19:12Z	https://www.gesetzblatt.bremen.de/fastmedia/218/2021_10_25_GBl_Nr_0110_signed.pdf	200	application/pdf	327610	https://www.gesetzblatt.bremen.de/fastmedia/218/2021_10_25_GBl_Nr_0110_signed.pdf
2026-10-06T15:19:18Z	https://www.gesetzblatt.bremen.de/fastmedia/218/2021_11_26_GBl_Nr_0125_signed.pdf	200	application/pdf	551499	https://www.gesetzblatt.bremen.de/fastmedia/218/2021_11_26_GBl_Nr_0125_signed.pdf
2026-10-06T15:19:23Z	https://www.gesetzblatt.bremen.de/fastmedia/218/2021_12_01_GBl_Nr_0128_signed.pdf	200	application/pdf	320931	https://www.gesetzblatt.bremen.de/fastmedia/218/2021_12_01_GBl_Nr_0128_signed.pdf
2026-10-06T15:19:29Z	https://www.gesetzblatt.bremen.de/fastmedia/218/2021_12_03_GBl_Nr_0132_signed.pdf	200	application/pdf	349771	https://www.gesetzblatt.bremen.de/fastmedia/218/2021_12_03_GBl_Nr_0132_signed.pdf
2026-10-06T15:19:34Z	https://www.gesetzblatt.bremen.de/fastmedia/218/2021_12_07_GBl_Nr_0133_signed.pdf	200	application/pdf	367423	https://www.gesetzblatt.bremen.de/fastmedia/218/2021_12_07_GBl_Nr_0133_signed.pdf
2026-10-06T15:19:40Z	https://www.gesetzblatt.bremen.de/fastmedia/218/2021_12_07_GBl_Nr_0134_signed.pdf	200	application/pdf	2732821	https://www.gesetzblatt.bremen.de/fastmedia/218/2021_12_07_GBl_Nr_0134_signed.pdf
2026-10-06T15:19:45Z	https://www.gesetzblatt.bremen.de/fastmedia/218/2021_12_21_GBl_Nr_0138_signed.pdf	200	application/pdf	387435	https://www.gesetzblatt.bremen.de/fastmedia/218/2021_12_21_GBl_Nr_0138_signed.pdf
2026-10-06T15:19:50Z	https://www.gesetzblatt.bremen.de/fastmedia/218/2021_12_21_GBl_Nr_0141_signed.pdf	200	application/pdf	385607	https://www.gesetzblatt.bremen.de/fastmedia/218/2021_12_21_GBl_Nr_0141_signed.pdf
2026-10-06T15:19:55Z	https://www.gesetzblatt.bremen.de/fastmedia/218/2021_12_22_GBl_Nr_0142_signed.pdf	200	application/pdf	412707	https://www.gesetzblatt.bremen.de/fastmedia/218/2021_12_22_GBl_Nr_0142_signed.pdf
2026-10-06T15:20:01Z	https://www.gesetzblatt.bremen.de/fastmedia/218/2021_12_22_GBl_Nr_0143_signed.pdf	200	application/pdf	411877	https://www.gesetzblatt.bremen.de/fastmedia/218/2021_12_22_GBl_Nr_0143_signed.pdf
2026-10-06T15:20:06Z	https://www.gesetzblatt.bremen.de/fastmedia/218/2021_12_27_GBl_Nr_0152_signed.pdf	200	application/pdf	308958	https://www.gesetzblatt.bremen.de/fastmedia/218/2021_12_27_GBl_Nr_0152_signed.pdf
2026-10-06T15:20:14Z	https://www.gesetzblatt.bremen.de/fastmedia/218/2021_12_27_GBl_Nr_0153_signed.pdf	200	application/pdf	1565292	https://www.gesetzblatt.bremen.de/fastmedia/218/2021_12_27_GBl_Nr_0153_signed.pdf
2026-10-06T15:20:19Z	https://www.gesetzblatt.bremen.de/fastmedia/218/2022_01_13_GBl_Nr_0004_signed.pdf	200	application/pdf	214932	https://www.gesetzblatt.bremen.de/fastmedia/218/2022_01_13_GBl_Nr_0004_signed.pdf
2026-10-06T15:20:24Z	https://www.gesetzblatt.bremen.de/fastmedia/218/2022_02_22_GBl_Nr_0016_signed.pdf	200	application/pdf	213047	https://www.gesetzblatt.bremen.de/fastmedia/218/2022_02_22_GBl_Nr_0016_signed.pdf
2026-10-06T15:20:29Z	https://www.gesetzblatt.bremen.de/fastmedia/218/2022_02_24_GBl_Nr_0018_signed.pdf	200	application/pdf	207900	https://www.gesetzblatt.bremen.de/fastmedia/218/2022_02_24_GBl_Nr_0018_signed.pdf
2026-10-06T15:20:34Z	https://www.gesetzblatt.bremen.de/fastmedia/218/2022_03_23_GBl_Nr_0025_signed.pdf	200	application/pdf	208337	https://www.gesetzblatt.bremen.de/fastmedia/218/2022_03_23_GBl_Nr_0025_signed.pdf
2026-10-06T15:20:41Z	https://www.gesetzblatt.bremen.de/fastmedia/218/2022_04_11_GBl_Nr_0040_signed.pdf	200	application/pdf	3490040	https://www.gesetzblatt.bremen.de/fastmedia/218/2022_04_11_GBl_Nr_0040_signed.pdf
2026-10-06T15:20:48Z	https://www.gesetzblatt.bremen.de/fastmedia/218/2022_04_12_GBl_Nr_0045_signed.pdf	200	application/pdf	5161129	https://www.gesetzblatt.bremen.de/fastmedia/218/2022_04_12_GBl_Nr_0045_signed.pdf
2026-10-06T15:20:54Z	https://www.gesetzblatt.bremen.de/fastmedia/218/2022_04_29_GBl_Nr_0046_signed.pdf	200	application/pdf	312901	https://www.gesetzblatt.bremen.de/fastmedia/218/2022_04_29_GBl_Nr_0046_signed.pdf
2026-10-06T15:20:58Z	https://www.gesetzblatt.bremen.de/fastmedia/218/2022_05_18_GBl_Nr_0052_signed.pdf	200	application/pdf	210332	https://www.gesetzblatt.bremen.de/fastmedia/218/2022_05_18_GBl_Nr_0052_signed.pdf
2026-10-06T15:21:03Z	https://www.gesetzblatt.bremen.de/fastmedia/218/2022_07_25_GBl_Nr_0074_signed.pdf	200	application/pdf	308490	https://www.gesetzblatt.bremen.de/fastmedia/218/2022_07_25_GBl_Nr_0074_signed.pdf
2026-10-06T15:21:09Z	https://www.gesetzblatt.bremen.de/fastmedia/218/2022_07_25_GBl_Nr_0075_signed.pdf	200	application/pdf	312498	https://www.gesetzblatt.bremen.de/fastmedia/218/2022_07_25_GBl_Nr_0075_signed.pdf
2026-10-06T15:21:14Z	https://www.gesetzblatt.bremen.de/fastmedia/218/2022_08_19_GBl_Nr_0084_signed.pdf	200	application/pdf	575738	https://www.gesetzblatt.bremen.de/fastmedia/218/2022_08_19_GBl_Nr_0084_signed.pdf
2026-10-06T15:21:20Z	https://www.gesetzblatt.bremen.de/fastmedia/218/2022_09_28_GBl_Nr_0092_signed.pdf	200	application/pdf	1364317	https://www.gesetzblatt.bremen.de/fastmedia/218/2022_09_28_GBl_Nr_0092_signed.pdf
2026-10-06T15:21:27Z	https://www.gesetzblatt.bremen.de/fastmedia/218/2022_10_20_GBl_Nr_0104_signed.pdf	200	application/pdf	8368984	https://www.gesetzblatt.bremen.de/fastmedia/218/2022_10_20_GBl_Nr_0104_signed.pdf
2026-10-06T15:21:33Z	https://www.gesetzblatt.bremen.de/fastmedia/218/2022_10_28_GBl_Nr_0107_signed.pdf	200	application/pdf	318792	https://www.gesetzblatt.bremen.de/fastmedia/218/2022_10_28_GBl_Nr_0107_signed.pdf
2026-10-06T15:21:37Z	https://www.gesetzblatt.bremen.de/fastmedia/218/2022_11_03_GBl_Nr_0108_signed.pdf	200	application/pdf	374497	https://www.gesetzblatt.bremen.de/fastmedia/218/2022_11_03_GBl_Nr_0108_signed.pdf
2026-10-06T15:21:42Z	https://www.gesetzblatt.bremen.de/fastmedia/218/2022_11_03_GBl_Nr_0109_signed.pdf	200	application/pdf	375708	https://www.gesetzblatt.bremen.de/fastmedia/218/2022_11_03_GBl_Nr_0109_signed.pdf
2026-10-06T15:21:48Z	https://www.gesetzblatt.bremen.de/fastmedia/218/2022_11_04_GBl_Nr_0113_signed.pdf	200	application/pdf	408793	https://www.gesetzblatt.bremen.de/fastmedia/218/2022_11_04_GBl_Nr_0113_signed.pdf
2026-10-06T15:21:55Z	https://www.gesetzblatt.bremen.de/fastmedia/218/2022_11_04_GBl_Nr_0114_signed.pdf	200	application/pdf	2530889	https://www.gesetzblatt.bremen.de/fastmedia/218/2022_11_04_GBl_Nr_0114_signed.pdf
2026-10-06T15:22:00Z	https://www.gesetzblatt.bremen.de/fastmedia/218/2022_11_07_GBl_Nr_0117_signed.pdf	200	application/pdf	387075	https://www.gesetzblatt.bremen.de/fastmedia/218/2022_11_07_GBl_Nr_0117_signed.pdf
2026-10-06T15:22:05Z	https://www.gesetzblatt.bremen.de/fastmedia/218/2022_12_06_GBl_Nr_0131_signed.pdf	200	application/pdf	425821	https://www.gesetzblatt.bremen.de/fastmedia/218/2022_12_06_GBl_Nr_0131_signed.pdf
2026-10-06T15:22:10Z	https://www.gesetzblatt.bremen.de/fastmedia/218/2022_12_06_GBl_Nr_0132_signed.pdf	200	application/pdf	385443	https://www.gesetzblatt.bremen.de/fastmedia/218/2022_12_06_GBl_Nr_0132_signed.pdf
2026-10-06T15:22:17Z	https://www.gesetzblatt.bremen.de/fastmedia/218/2022_12_07_GBl_Nr_0133_signed.pdf	200	application/pdf	3241007	https://www.gesetzblatt.bremen.de/fastmedia/218/2022_12_07_GBl_Nr_0133_signed.pdf
2026-10-06T15:22:22Z	https://www.gesetzblatt.bremen.de/fastmedia/218/2022_12_07_GBl_Nr_0134_signed.pdf	200	application/pdf	394463	https://www.gesetzblatt.bremen.de/fastmedia/218/2022_12_07_GBl_Nr_0134_signed.pdf
2026-10-06T15:22:27Z	https://www.gesetzblatt.bremen.de/fastmedia/218/2022_12_14_GBl_Nr_0141_signed.pdf	200	application/pdf	403937	https://www.gesetzblatt.bremen.de/fastmedia/218/2022_12_14_GBl_Nr_0141_signed.pdf
2026-10-06T15:22:33Z	https://www.gesetzblatt.bremen.de/fastmedia/218/2022_12_15_GBl_Nr_0145_signed.pdf	200	application/pdf	1549422	https://www.gesetzblatt.bremen.de/fastmedia/218/2022_12_15_GBl_Nr_0145_signed.pdf
2026-10-06T15:22:39Z	https://www.gesetzblatt.bremen.de/fastmedia/218/2022_12_15_GBl_Nr_0146_signed.pdf	200	application/pdf	1640721	https://www.gesetzblatt.bremen.de/fastmedia/218/2022_12_15_GBl_Nr_0146_signed.pdf
2026-10-06T15:22:45Z	https://www.gesetzblatt.bremen.de/fastmedia/218/2022_12_16_GBl_Nr_0147_signed.pdf	200	application/pdf	423382	https://www.gesetzblatt.bremen.de/fastmedia/218/2022_12_16_GBl_Nr_0147_signed.pdf
2026-10-06T15:22:50Z	https://www.gesetzblatt.bremen.de/fastmedia/218/2022_12_16_GBl_Nr_0148_signed.pdf	200	application/pdf	375086	https://www.gesetzblatt.bremen.de/fastmedia/218/2022_12_16_GBl_Nr_0148_signed.pdf
2026-10-06T15:22:55Z	https://www.gesetzblatt.bremen.de/fastmedia/218/2022_12_19_GBl_Nr_0152_signed.pdf	200	application/pdf	428589	https://www.gesetzblatt.bremen.de/fastmedia/218/2022_12_19_GBl_Nr_0152_signed.pdf
2026-10-06T15:23:00Z	https://www.gesetzblatt.bremen.de/fastmedia/218/2022_12_19_GBl_Nr_0153_signed.pdf	200	application/pdf	372749	https://www.gesetzblatt.bremen.de/fastmedia/218/2022_12_19_GBl_Nr_0153_signed.pdf
2026-10-06T15:23:07Z	https://www.gesetzblatt.bremen.de/fastmedia/218/2022_12_21_GBl_Nr_0162_signed.pdf	200	application/pdf	1330154	https://www.gesetzblatt.bremen.de/fastmedia/218/2022_12_21_GBl_Nr_0162_signed.pdf
2026-10-06T15:23:12Z	https://www.gesetzblatt.bremen.de/fastmedia/218/2023_03_03_GBl_Nr_0016_signed.pdf	200	application/pdf	370957	https://www.gesetzblatt.bremen.de/fastmedia/218/2023_03_03_GBl_Nr_0016_signed.pdf
2026-10-06T15:23:20Z	https://www.gesetzblatt.bremen.de/fastmedia/218/2023_03_16_GBl_Nr_0022_signed.pdf	200	application/pdf	5569554	https://www.gesetzblatt.bremen.de/fastmedia/218/2023_03_16_GBl_Nr_0022_signed.pdf
2026-10-06T15:23:25Z	https://www.gesetzblatt.bremen.de/fastmedia/218/2023_03_20_GBl_Nr_0026_signed.pdf	200	application/pdf	374182	https://www.gesetzblatt.bremen.de/fastmedia/218/2023_03_20_GBl_Nr_0026_signed.pdf
2026-10-06T15:23:30Z	https://www.gesetzblatt.bremen.de/fastmedia/218/2023_04_14_GBl_Nr_0037_signed.pdf	200	application/pdf	675744	https://www.gesetzblatt.bremen.de/fastmedia/218/2023_04_14_GBl_Nr_0037_signed.pdf
2026-10-06T15:23:36Z	https://www.gesetzblatt.bremen.de/fastmedia/218/2023_04_17_GBl_Nr_0042_signed.pdf	200	application/pdf	2736129	https://www.gesetzblatt.bremen.de/fastmedia/218/2023_04_17_GBl_Nr_0042_signed.pdf
2026-10-06T15:23:42Z	https://www.gesetzblatt.bremen.de/fastmedia/218/2023_04_18_GBl_Nr_0047_signed.pdf	200	application/pdf	376898	https://www.gesetzblatt.bremen.de/fastmedia/218/2023_04_18_GBl_Nr_0047_signed.pdf
2026-10-06T15:23:47Z	https://www.gesetzblatt.bremen.de/fastmedia/218/2023_04_19_GBl_Nr_0049_signed.pdf	200	application/pdf	378251	https://www.gesetzblatt.bremen.de/fastmedia/218/2023_04_19_GBl_Nr_0049_signed.pdf
2026-10-06T15:23:52Z	https://www.gesetzblatt.bremen.de/fastmedia/218/2023_05_19_GBl_Nr_0064_signed.pdf	200	application/pdf	391640	https://www.gesetzblatt.bremen.de/fastmedia/218/2023_05_19_GBl_Nr_0064_signed.pdf
2026-10-06T15:24:01Z	https://www.gesetzblatt.bremen.de/fastmedia/218/2023_05_19_GBl_Nr_0065_signed.pdf	200	application/pdf	3564730	https://www.gesetzblatt.bremen.de/fastmedia/218/2023_05_19_GBl_Nr_0065_signed.pdf
2026-10-06T15:24:07Z	https://www.gesetzblatt.bremen.de/fastmedia/218/2023_05_23_GBl_Nr_0070_signed.pdf	200	application/pdf	383652	https://www.gesetzblatt.bremen.de/fastmedia/218/2023_05_23_GBl_Nr_0070_signed.pdf
2026-10-06T15:24:12Z	https://www.gesetzblatt.bremen.de/fastmedia/218/2023_09_25_GBl_Nr_0094_signed.pdf	200	application/pdf	371029	https://www.gesetzblatt.bremen.de/fastmedia/218/2023_09_25_GBl_Nr_0094_signed.pdf
2026-10-06T15:24:18Z	https://www.gesetzblatt.bremen.de/fastmedia/218/2023_09_25_GBl_Nr_0095_signed.pdf	200	application/pdf	499807	https://www.gesetzblatt.bremen.de/fastmedia/218/2023_09_25_GBl_Nr_0095_signed.pdf
2026-10-06T15:24:23Z	https://www.gesetzblatt.bremen.de/fastmedia/218/2023_09_27_GBl_Nr_0098_signed.pdf	200	application/pdf	384615	https://www.gesetzblatt.bremen.de/fastmedia/218/2023_09_27_GBl_Nr_0098_signed.pdf
2026-10-06T15:24:29Z	https://www.gesetzblatt.bremen.de/fastmedia/218/2023_11_09_GBl_Nr_0101_signed.pdf	200	application/pdf	373411	https://www.gesetzblatt.bremen.de/fastmedia/218/2023_11_09_GBl_Nr_0101_signed.pdf
2026-10-06T15:24:35Z	https://www.gesetzblatt.bremen.de/fastmedia/218/2023_11_15_GBl_Nr_0103_signed.pdf	200	application/pdf	402612	https://www.gesetzblatt.bremen.de/fastmedia/218/2023_11_15_GBl_Nr_0103_signed.pdf
2026-10-06T15:24:44Z	https://www.gesetzblatt.bremen.de/fastmedia/218/2023_11_23_GBl_Nr_0106_signed.pdf	200	application/pdf	3189709	https://www.gesetzblatt.bremen.de/fastmedia/218/2023_11_23_GBl_Nr_0106_signed.pdf
2026-10-06T15:24:50Z	https://www.gesetzblatt.bremen.de/fastmedia/218/2023_12_04_GBl_Nr_0109_signed.pdf	200	application/pdf	1781580	https://www.gesetzblatt.bremen.de/fastmedia/218/2023_12_04_GBl_Nr_0109_signed.pdf
2026-10-06T15:24:55Z	https://www.gesetzblatt.bremen.de/fastmedia/218/2023_12_20_GBl_Nr_0116_signed.pdf	200	application/pdf	396673	https://www.gesetzblatt.bremen.de/fastmedia/218/2023_12_20_GBl_Nr_0116_signed.pdf
2026-10-06T15:25:01Z	https://www.gesetzblatt.bremen.de/fastmedia/218/2023_12_29_GBl_Nr_0129_signed.pdf	200	application/pdf	1154015	https://www.gesetzblatt.bremen.de/fastmedia/218/2023_12_29_GBl_Nr_0129_signed.pdf
2026-10-06T15:25:07Z	https://www.gesetzblatt.bremen.de/fastmedia/218/2024_03_13_GBl_Nr_0016_signed.pdf	200	application/pdf	376074	https://www.gesetzblatt.bremen.de/fastmedia/218/2024_03_13_GBl_Nr_0016_signed.pdf
2026-10-06T15:25:13Z	https://www.gesetzblatt.bremen.de/fastmedia/218/2024_03_13_GBl_Nr_0017_signed.pdf	200	application/pdf	929176	https://www.gesetzblatt.bremen.de/fastmedia/218/2024_03_13_GBl_Nr_0017_signed.pdf
2026-10-06T15:25:18Z	https://www.gesetzblatt.bremen.de/fastmedia/218/2024_05_27_GBl_Nr_0039_signed.pdf	200	application/pdf	967716	https://www.gesetzblatt.bremen.de/fastmedia/218/2024_05_27_GBl_Nr_0039_signed.pdf
2026-10-06T15:25:26Z	https://www.gesetzblatt.bremen.de/fastmedia/218/2024_06_01_GBl_Nr_0043_signed.pdf	200	application/pdf	968831	https://www.gesetzblatt.bremen.de/fastmedia/218/2024_06_01_GBl_Nr_0043_signed.pdf
2026-10-06T15:25:33Z	https://www.gesetzblatt.bremen.de/fastmedia/218/2024_06_21_GBl_Nr_0054_signed.pdf	200	application/pdf	958000	https://www.gesetzblatt.bremen.de/fastmedia/218/2024_06_21_GBl_Nr_0054_signed.pdf
2026-10-06T15:25:39Z	https://www.gesetzblatt.bremen.de/fastmedia/218/2024_06_21_GBl_Nr_0055_signed.pdf	200	application/pdf	948123	https://www.gesetzblatt.bremen.de/fastmedia/218/2024_06_21_GBl_Nr_0055_signed.pdf
2026-10-06T15:25:44Z	https://www.gesetzblatt.bremen.de/fastmedia/218/2024_06_24_GBl_Nr_0059_signed.pdf	200	application/pdf	319173	https://www.gesetzblatt.bremen.de/fastmedia/218/2024_06_24_GBl_Nr_0059_signed.pdf
2026-10-06T15:25:49Z	https://www.gesetzblatt.bremen.de/fastmedia/218/2024_07_05_GBl_Nr_0074_signed.pdf	200	application/pdf	313125	https://www.gesetzblatt.bremen.de/fastmedia/218/2024_07_05_GBl_Nr_0074_signed.pdf
2026-10-06T15:25:55Z	https://www.gesetzblatt.bremen.de/fastmedia/218/2024_07_05_GBl_Nr_0076_signed.pdf	200	application/pdf	1159491	https://www.gesetzblatt.bremen.de/fastmedia/218/2024_07_05_GBl_Nr_0076_signed.pdf
2026-10-06T15:26:00Z	https://www.gesetzblatt.bremen.de/fastmedia/218/2024_09_04_GBl_Nr_0087_signed.pdf	200	application/pdf	403066	https://www.gesetzblatt.bremen.de/fastmedia/218/2024_09_04_GBl_Nr_0087_signed.pdf
2026-10-06T15:26:05Z	https://www.gesetzblatt.bremen.de/fastmedia/218/2024_09_27_GBl_Nr_0095_signed.pdf	200	application/pdf	309629	https://www.gesetzblatt.bremen.de/fastmedia/218/2024_09_27_GBl_Nr_0095_signed.pdf
2026-10-06T15:26:11Z	https://www.gesetzblatt.bremen.de/fastmedia/218/2024_09_27_GBl_Nr_0097_signed.pdf	200	application/pdf	957188	https://www.gesetzblatt.bremen.de/fastmedia/218/2024_09_27_GBl_Nr_0097_signed.pdf
2026-10-06T15:26:17Z	https://www.gesetzblatt.bremen.de/fastmedia/218/2024_10_12_GBl_Nr_0101_signed.pdf	200	application/pdf	1647992	https://www.gesetzblatt.bremen.de/fastmedia/218/2024_10_12_GBl_Nr_0101_signed.pdf
2026-10-06T15:26:24Z	https://www.gesetzblatt.bremen.de/fastmedia/218/2024_10_12_GBl_Nr_0103_signed.pdf	200	application/pdf	5292176	https://www.gesetzblatt.bremen.de/fastmedia/218/2024_10_12_GBl_Nr_0103_signed.pdf
2026-10-06T15:26:29Z	https://www.gesetzblatt.bremen.de/fastmedia/218/2024_11_19_GBl_Nr_0117_signed.pdf	200	application/pdf	206254	https://www.gesetzblatt.bremen.de/fastmedia/218/2024_11_19_GBl_Nr_0117_signed.pdf
2026-10-06T15:26:34Z	https://www.gesetzblatt.bremen.de/fastmedia/218/2024_11_19_GBl_Nr_0118_signed.pdf	200	application/pdf	281149	https://www.gesetzblatt.bremen.de/fastmedia/218/2024_11_19_GBl_Nr_0118_signed.pdf
2026-10-06T15:26:39Z	https://www.gesetzblatt.bremen.de/fastmedia/218/2024_11_27_GBl_Nr_0125_signed.pdf	200	application/pdf	208295	https://www.gesetzblatt.bremen.de/fastmedia/218/2024_11_27_GBl_Nr_0125_signed.pdf
2026-10-06T15:26:45Z	https://www.gesetzblatt.bremen.de/fastmedia/218/2024_12_04_GBl_Nr_0133_signed.pdf	200	application/pdf	211261	https://www.gesetzblatt.bremen.de/fastmedia/218/2024_12_04_GBl_Nr_0133_signed.pdf
2026-10-06T15:26:50Z	https://www.gesetzblatt.bremen.de/fastmedia/218/2024_12_18_GBl_Nr_0145_signed.pdf	200	application/pdf	305307	https://www.gesetzblatt.bremen.de/fastmedia/218/2024_12_18_GBl_Nr_0145_signed.pdf
2026-10-06T15:26:55Z	https://www.gesetzblatt.bremen.de/fastmedia/218/Ausfe2024_12_19_GBl_Nr_0150_signed.pdf	200	application/pdf	318748	https://www.gesetzblatt.bremen.de/fastmedia/218/Ausfe2024_12_19_GBl_Nr_0150_signed.pdf
2026-10-06T15:27:00Z	https://www.gesetzblatt.bremen.de/fastmedia/218/2024_12_19_GBl_Nr_0151_signed.pdf	200	application/pdf	303142	https://www.gesetzblatt.bremen.de/fastmedia/218/2024_12_19_GBl_Nr_0151_signed.pdf
2026-10-06T15:27:09Z	https://www.gesetzblatt.bremen.de/fastmedia/218/2024_12_20_GBl_Nr_0154%20NEU_signed.pdf	200	application/pdf	2523781	https://www.gesetzblatt.bremen.de/fastmedia/218/2024_12_20_GBl_Nr_0154%20NEU_signed.pdf
2026-10-06T15:27:15Z	https://www.gesetzblatt.bremen.de/fastmedia/218/2024_12_20_GBl_Nr_0155_signed.pdf	200	application/pdf	424834	https://www.gesetzblatt.bremen.de/fastmedia/218/2024_12_20_GBl_Nr_0155_signed.pdf
2026-10-06T15:27:20Z	https://www.gesetzblatt.bremen.de/fastmedia/218/2025_01_07_GBl_Nr_0001_signed.pdf	200	application/pdf	305197	https://www.gesetzblatt.bremen.de/fastmedia/218/2025_01_07_GBl_Nr_0001_signed.pdf
2026-10-06T15:27:25Z	https://www.gesetzblatt.bremen.de/fastmedia/218/2025_02_05_GBl_Nr_0009_signed.pdf	200	application/pdf	302515	https://www.gesetzblatt.bremen.de/fastmedia/218/2025_02_05_GBl_Nr_0009_signed.pdf
2026-10-06T15:27:31Z	https://www.gesetzblatt.bremen.de/fastmedia/218/2025_03_21_GBl_Nr_0019_signed.pdf	200	application/pdf	482784	https://www.gesetzblatt.bremen.de/fastmedia/218/2025_03_21_GBl_Nr_0019_signed.pdf
2026-10-06T15:27:37Z	https://www.gesetzblatt.bremen.de/fastmedia/218/2025_03_26_GBl_Nr_0023_signed.pdf	200	application/pdf	667451	https://www.gesetzblatt.bremen.de/fastmedia/218/2025_03_26_GBl_Nr_0023_signed.pdf
2026-10-06T15:27:42Z	https://www.gesetzblatt.bremen.de/fastmedia/218/2025_04_03_GBl_Nr_0028_signed.pdf	200	application/pdf	209800	https://www.gesetzblatt.bremen.de/fastmedia/218/2025_04_03_GBl_Nr_0028_signed.pdf
2026-10-06T15:27:47Z	https://www.gesetzblatt.bremen.de/fastmedia/218/2025_04_11_GBl_Nr_0034_signed.pdf	200	application/pdf	463929	https://www.gesetzblatt.bremen.de/fastmedia/218/2025_04_11_GBl_Nr_0034_signed.pdf
2026-10-06T15:27:59Z	https://www.gesetzblatt.bremen.de/fastmedia/218/2025_04_12_GBl_Nr_0036_signed.pdf	200	application/pdf	4401190	https://www.gesetzblatt.bremen.de/fastmedia/218/2025_04_12_GBl_Nr_0036_signed.pdf
2026-10-06T15:28:04Z	https://www.gesetzblatt.bremen.de/fastmedia/218/2025_04_26_GBl_Nr_0039_signed.pdf	200	application/pdf	341355	https://www.gesetzblatt.bremen.de/fastmedia/218/2025_04_26_GBl_Nr_0039_signed.pdf
2026-10-06T15:28:10Z	https://www.gesetzblatt.bremen.de/fastmedia/218/2025_04_29_GBl_Nr_0040_signed.pdf	200	application/pdf	303073	https://www.gesetzblatt.bremen.de/fastmedia/218/2025_04_29_GBl_Nr_0040_signed.pdf
2026-10-06T15:28:15Z	https://www.gesetzblatt.bremen.de/fastmedia/218/2025_05_30_GBl_Nr_0060_signed.pdf	200	application/pdf	323452	https://www.gesetzblatt.bremen.de/fastmedia/218/2025_05_30_GBl_Nr_0060_signed.pdf
2026-10-06T15:28:21Z	https://www.gesetzblatt.bremen.de/fastmedia/218/2025_06_26_GBl_Nr_0075_signed.pdf	200	application/pdf	311203	https://www.gesetzblatt.bremen.de/fastmedia/218/2025_06_26_GBl_Nr_0075_signed.pdf
2026-10-06T15:28:26Z	https://www.gesetzblatt.bremen.de/fastmedia/218/2025_07_02_GBl_Nr_0077_signed.pdf	200	application/pdf	358039	https://www.gesetzblatt.bremen.de/fastmedia/218/2025_07_02_GBl_Nr_0077_signed.pdf
2026-10-06T15:28:31Z	https://www.gesetzblatt.bremen.de/fastmedia/218/2025_07_09_GBl_Nr_0079_signed.pdf	200	application/pdf	323788	https://www.gesetzblatt.bremen.de/fastmedia/218/2025_07_09_GBl_Nr_0079_signed.pdf
2026-10-06T15:28:37Z	https://www.gesetzblatt.bremen.de/fastmedia/218/2025_07_24_GBl_Nr_0089_signed.pdf	200	application/pdf	305797	https://www.gesetzblatt.bremen.de/fastmedia/218/2025_07_24_GBl_Nr_0089_signed.pdf
2026-10-06T15:28:42Z	https://www.gesetzblatt.bremen.de/fastmedia/218/2025_09_04_GBl_Nr_0094_signed.pdf	200	application/pdf	328331	https://www.gesetzblatt.bremen.de/fastmedia/218/2025_09_04_GBl_Nr_0094_signed.pdf
2026-10-06T15:28:47Z	https://www.gesetzblatt.bremen.de/fastmedia/218/2025_09_04_GBl_Nr_0095_signed.pdf	200	application/pdf	328931	https://www.gesetzblatt.bremen.de/fastmedia/218/2025_09_04_GBl_Nr_0095_signed.pdf
2026-10-06T15:28:52Z	https://www.gesetzblatt.bremen.de/fastmedia/218/2025_09_04_GBl_Nr_0096_signed.pdf	200	application/pdf	340016	https://www.gesetzblatt.bremen.de/fastmedia/218/2025_09_04_GBl_Nr_0096_signed.pdf
2026-10-06T15:28:58Z	https://www.gesetzblatt.bremen.de/fastmedia/218/2025_09_20_GBl_Nr_0103_signed.pdf	200	application/pdf	1198254	https://www.gesetzblatt.bremen.de/fastmedia/218/2025_09_20_GBl_Nr_0103_signed.pdf
2026-10-06T15:29:03Z	https://www.gesetzblatt.bremen.de/fastmedia/218/2025_10_03_GBl_Nr_0108_signed.pdf	200	application/pdf	264298	https://www.gesetzblatt.bremen.de/fastmedia/218/2025_10_03_GBl_Nr_0108_signed.pdf
2026-10-06T15:29:13Z	https://www.gesetzblatt.bremen.de/fastmedia/218/2025_10_10_GBl_Nr_0109_signed.pdf	200	application/pdf	8291691	https://www.gesetzblatt.bremen.de/fastmedia/218/2025_10_10_GBl_Nr_0109_signed.pdf
2026-10-06T15:29:36Z	https://www.gesetzblatt.bremen.de/fastmedia/218/2025_10_10_GBl_Nr_0110_signed.pdf	200	application/pdf	34295413	https://www.gesetzblatt.bremen.de/fastmedia/218/2025_10_10_GBl_Nr_0110_signed.pdf
2026-10-06T15:29:45Z	https://www.gesetzblatt.bremen.de/fastmedia/218/2025_10_10_GBl_Nr_0111_signed.pdf	200	application/pdf	1699566	https://www.gesetzblatt.bremen.de/fastmedia/218/2025_10_10_GBl_Nr_0111_signed.pdf
2026-10-06T15:29:50Z	https://www.gesetzblatt.bremen.de/fastmedia/218/2025_10_15_GBl_Nr_0114_signed.pdf	200	application/pdf	628126	https://www.gesetzblatt.bremen.de/fastmedia/218/2025_10_15_GBl_Nr_0114_signed.pdf
2026-10-06T15:29:55Z	https://www.gesetzblatt.bremen.de/fastmedia/218/2025_10_15_GBl_Nr_0116_signed.pdf	200	application/pdf	239646	https://www.gesetzblatt.bremen.de/fastmedia/218/2025_10_15_GBl_Nr_0116_signed.pdf
2026-10-06T15:30:02Z	https://www.gesetzblatt.bremen.de/fastmedia/218/2025_11_26_GBl_Nr_0124_signed.pdf	200	application/pdf	2882936	https://www.gesetzblatt.bremen.de/fastmedia/218/2025_11_26_GBl_Nr_0124_signed.pdf
2026-10-06T15:30:13Z	https://www.gesetzblatt.bremen.de/fastmedia/218/2025_11_28_GBl_Nr_0127_signed.pdf	200	application/pdf	10140492	https://www.gesetzblatt.bremen.de/fastmedia/218/2025_11_28_GBl_Nr_0127_signed.pdf
2026-10-06T15:30:18Z	https://www.gesetzblatt.bremen.de/fastmedia/218/2025_12_11_GBl_Nr_0139_signed.pdf	200	application/pdf	223151	https://www.gesetzblatt.bremen.de/fastmedia/218/2025_12_11_GBl_Nr_0139_signed.pdf
2026-10-06T15:30:23Z	https://www.gesetzblatt.bremen.de/fastmedia/218/2025_12_17_GBl_Nr_0147_signed.pdf	200	application/pdf	218378	https://www.gesetzblatt.bremen.de/fastmedia/218/2025_12_17_GBl_Nr_0147_signed.pdf
2026-10-06T15:30:29Z	https://www.gesetzblatt.bremen.de/fastmedia/218/2025_12_18_GBl_Nr_0149_signed.pdf	200	application/pdf	238128	https://www.gesetzblatt.bremen.de/fastmedia/218/2025_12_18_GBl_Nr_0149_signed.pdf
2026-10-06T15:30:35Z	https://www.gesetzblatt.bremen.de/fastmedia/218/2025_12_19_GBl_Nr_0159_signed.pdf	200	application/pdf	1438051	https://www.gesetzblatt.bremen.de/fastmedia/218/2025_12_19_GBl_Nr_0159_signed.pdf
2026-10-06T15:30:40Z	https://www.gesetzblatt.bremen.de/fastmedia/218/2025_12_23_GBl_Nr_0162_signed.pdf	200	application/pdf	214947	https://www.gesetzblatt.bremen.de/fastmedia/218/2025_12_23_GBl_Nr_0162_signed.pdf
2026-10-06T15:30:45Z	https://www.gesetzblatt.bremen.de/fastmedia/218/2026_01_28_GBl_Nr_0006_signed.pdf	200	application/pdf	225250	https://www.gesetzblatt.bremen.de/fastmedia/218/2026_01_28_GBl_Nr_0006_signed.pdf
2026-10-06T15:30:52Z	https://www.gesetzblatt.bremen.de/fastmedia/218/2026_02_04_GBl_Nr_0009_signed.pdf	200	application/pdf	856711	https://www.gesetzblatt.bremen.de/fastmedia/218/2026_02_04_GBl_Nr_0009_signed.pdf
2026-10-06T15:30:57Z	https://www.gesetzblatt.bremen.de/fastmedia/218/2026_02_27_GBl_Nr_0017_signed.pdf	200	application/pdf	254994	https://www.gesetzblatt.bremen.de/fastmedia/218/2026_02_27_GBl_Nr_0017_signed.pdf
2026-10-06T15:31:03Z	https://www.gesetzblatt.bremen.de/fastmedia/218/2026_03_25_GBl_0031_signed.pdf	200	application/pdf	427751	https://www.gesetzblatt.bremen.de/fastmedia/218/2026_03_25_GBl_0031_signed.pdf
2026-10-06T15:31:08Z	https://www.gesetzblatt.bremen.de/fastmedia/218/2026_03_25_GBl_0032_signed.pdf	200	application/pdf	431034	https://www.gesetzblatt.bremen.de/fastmedia/218/2026_03_25_GBl_0032_signed.pdf
2026-10-06T15:31:13Z	https://www.gesetzblatt.bremen.de/fastmedia/218/2026_03_25_GBl_Nr_0035_signed.pdf	200	application/pdf	218318	https://www.gesetzblatt.bremen.de/fastmedia/218/2026_03_25_GBl_Nr_0035_signed.pdf
2026-10-06T15:31:19Z	https://www.gesetzblatt.bremen.de/fastmedia/218/2026_03_28_GBl_Nr_0036_signed.pdf	200	application/pdf	225850	https://www.gesetzblatt.bremen.de/fastmedia/218/2026_03_28_GBl_Nr_0036_signed.pdf
2026-10-06T15:31:24Z	https://www.gesetzblatt.bremen.de/fastmedia/218/2026_04_16_GBl_Nr_0043_signed.pdf	200	application/pdf	208672	https://www.gesetzblatt.bremen.de/fastmedia/218/2026_04_16_GBl_Nr_0043_signed.pdf
2026-10-06T15:31:29Z	https://www.gesetzblatt.bremen.de/fastmedia/218/2026_05_07_GBl_Nr_0051_signed.pdf	200	application/pdf	887821	https://www.gesetzblatt.bremen.de/fastmedia/218/2026_05_07_GBl_Nr_0051_signed.pdf
2026-10-06T15:31:34Z	https://www.gesetzblatt.bremen.de/fastmedia/218/2026_05_28_GBl_Nr_0054_signed.pdf	200	application/pdf	214329	https://www.gesetzblatt.bremen.de/fastmedia/218/2026_05_28_GBl_Nr_0054_signed.pdf
2026-10-06T15:31:40Z	https://www.gesetzblatt.bremen.de/fastmedia/218/2026_06_19_GBl_Nr_0061_signed.pdf	200	application/pdf	220412	https://www.gesetzblatt.bremen.de/fastmedia/218/2026_06_19_GBl_Nr_0061_signed.pdf
2026-10-06T15:31:45Z	https://www.gesetzblatt.bremen.de/fastmedia/218/2026_06_19_GBl_Nr_0062_signed.pdf	200	application/pdf	203726	https://www.gesetzblatt.bremen.de/fastmedia/218/2026_06_19_GBl_Nr_0062_signed.pdf
2026-10-06T15:31:52Z	https://www.gesetzblatt.bremen.de/fastmedia/218/2026_06_19_GBl_Nr_0063_signed.pdf	200	application/pdf	4716796	https://www.gesetzblatt.bremen.de/fastmedia/218/2026_06_19_GBl_Nr_0063_signed.pdf
2026-10-06T15:31:57Z	https://www.gesetzblatt.bremen.de/fastmedia/218/2026_06_20_GBl_Nr_0065_signed.pdf	200	application/pdf	241975	https://www.gesetzblatt.bremen.de/fastmedia/218/2026_06_20_GBl_Nr_0065_signed.pdf
2026-10-06T15:32:02Z	https://www.gesetzblatt.bremen.de/fastmedia/218/2026_06_20_GBl_Nr_0066_signed.pdf	200	application/pdf	204394	https://www.gesetzblatt.bremen.de/fastmedia/218/2026_06_20_GBl_Nr_0066_signed.pdf
2026-10-06T15:32:07Z	https://www.gesetzblatt.bremen.de/fastmedia/218/2026_06_23_GBl_Nr_0067_signed.pdf	200	application/pdf	215638	https://www.gesetzblatt.bremen.de/fastmedia/218/2026_06_23_GBl_Nr_0067_signed.pdf
2026-10-06T15:32:13Z	https://www.gesetzblatt.bremen.de/fastmedia/218/2026_07_15_GBl_Nr_0082_signed.pdf	200	application/pdf	3386232	https://www.gesetzblatt.bremen.de/fastmedia/218/2026_07_15_GBl_Nr_0082_signed.pdf
2026-10-06T15:32:18Z	https://www.gesetzblatt.bremen.de/fastmedia/218/2026_08_15_GBl_Nr_86_signed.pdf	200	application/pdf	203466	https://www.gesetzblatt.bremen.de/fastmedia/218/2026_08_15_GBl_Nr_86_signed.pdf
2026-10-06T15:32:24Z	https://www.gesetzblatt.bremen.de/fastmedia/218/2026_09_08_GBl_Nr_0090_signed.pdf	200	application/pdf	1155908	https://www.gesetzblatt.bremen.de/fastmedia/218/2026_09_08_GBl_Nr_0090_signed.pdf
2026-10-06T15:32:31Z	https://www.gesetzblatt.bremen.de/fastmedia/218/2026_09_12_GBl_Nr_0092_signed.pdf	200	application/pdf	3227558	https://www.gesetzblatt.bremen.de/fastmedia/218/2026_09_12_GBl_Nr_0092_signed.pdf
2026-10-06T15:32:36Z	https://www.gesetzblatt.bremen.de/fastmedia/218/2026_09_29_GBl_Nr_0097_signed.pdf	200	application/pdf	212064	https://www.gesetzblatt.bremen.de/fastmedia/218/2026_09_29_GBl_Nr_0097_signed.pdf
2026-10-06T15:32:41Z	https://www.gesetzblatt.bremen.de/fastmedia/218/2026_10_01_GBl_Nr_0098_signed.pdf	200	application/pdf	204303	https://www.gesetzblatt.bremen.de/fastmedia/218/2026_10_01_GBl_Nr_0098_signed.pdf
2026-10-06T15:35:51Z	https://www.transparenz.bremen.de/sixcms/detail.php?gsid=bremen2014_tp.c.145882.de&template=00_html_to_pdf_d	200	application/pdf	295467	https://www.transparenz.bremen.de/sixcms/detail.php?gsid=bremen2014_tp.c.145882.de&template=00_html_to_pdf_d
9c1f5e7a085fcf3d313b8215ddfdcb417d4af68b9c3904eaa2566861bfd6b33c  <scratch>/fl/tp/145882.pdf
