2026-09-30T09:46:44Z	https://www.transparenz.bremen.de/sixcms/detail.php?gsid=bremen2014_tp.c.296390.de&template=00_html_to_pdf_d	500	text/html; charset=UTF-8	20	https://www.transparenz.bremen.de/sixcms/detail.php?gsid=bremen2014_tp.c.296390.de&template=00_html_to_pdf_d
2026-09-30T09:46:49Z	https://www.transparenz.bremen.de/sixcms/detail.php?gsid=bremen2014_tp.c.296390.de	200	text/html; charset=utf-8	37	https://www.transparenz.bremen.de/sixcms/detail.php?gsid=bremen2014_tp.c.296390.de
2026-09-30T09:47:02Z	https://www.gesetzblatt.bremen.de/	200	text/html; charset=utf-8	22552	https://www.gesetzblatt.bremen.de/
2026-09-30T09:47:12Z	https://www.gesetzblatt.bremen.de/fastmedia/220/Gesetzblatt_Bremen_2025.pdf	200	application/pdf	137134	https://www.gesetzblatt.bremen.de/fastmedia/220/Gesetzblatt_Bremen_2025.pdf
2026-09-30T09:47:39Z	https://www.gesetzblatt.bremen.de/?skip=0&max=100	200	text/html; charset=utf-8	57271	https://www.gesetzblatt.bremen.de/gesetzblatt-1459?max=100&skip=0
2026-09-30T09:47:56Z	https://www.gesetzblatt.bremen.de/?skip=100&max=100	200	text/html; charset=utf-8	57985	https://www.gesetzblatt.bremen.de/gesetzblatt-1459?max=100&skip=100
2026-09-30T09:48:06Z	https://www.gesetzblatt.bremen.de/fastmedia/218/2025_06_26_GBl_Nr_0074_signed.pdf	200	application/pdf	325008	https://www.gesetzblatt.bremen.de/fastmedia/218/2025_06_26_GBl_Nr_0074_signed.pdf
2026-09-30T09:48:13Z	https://www.gesetzblatt.bremen.de/fastmedia/218/2025_06_26_GBl_Nr_0073_signed.pdf	200	application/pdf	541191	https://www.gesetzblatt.bremen.de/fastmedia/218/2025_06_26_GBl_Nr_0073_signed.pdf
2026-09-30T09:48:26Z	https://www.gesetzblatt.bremen.de/fastmedia/218/2025_06_30_GBl%200076_signed.pdf	200	application/pdf	305423	https://www.gesetzblatt.bremen.de/fastmedia/218/2025_06_30_GBl%200076_signed.pdf
2026-09-30T09:48:32Z	https://www.gesetzblatt.bremen.de/fastmedia/220/Gesetzblatt%20Bremen_2024.pdf	200	application/pdf	129809	https://www.gesetzblatt.bremen.de/fastmedia/220/Gesetzblatt%20Bremen_2024.pdf
2026-09-30T09:48:52Z	https://www.gesetzblatt.bremen.de/fastmedia/220/Gesetzblatt%20Bremen_2020.pdf	200	application/pdf	141472	https://www.gesetzblatt.bremen.de/fastmedia/220/Gesetzblatt%20Bremen_2020.pdf
2026-09-30T09:48:58Z	https://www.gesetzblatt.bremen.de/fastmedia/220/Gesetzblatt%20Bremen_2021.pdf	200	application/pdf	131496	https://www.gesetzblatt.bremen.de/fastmedia/220/Gesetzblatt%20Bremen_2021.pdf
2026-09-30T09:49:04Z	https://www.gesetzblatt.bremen.de/fastmedia/220/Gesetzblatt%20Bremen_2022.pdf	200	application/pdf	134918	https://www.gesetzblatt.bremen.de/fastmedia/220/Gesetzblatt%20Bremen_2022.pdf
2026-09-30T09:49:10Z	https://www.gesetzblatt.bremen.de/fastmedia/220/Gesetzblatt%20Bremen_2023.pdf	200	application/pdf	114363	https://www.gesetzblatt.bremen.de/fastmedia/220/Gesetzblatt%20Bremen_2023.pdf
2026-09-30T09:49:28Z	https://www.transparenz.bremen.de/sixcms/detail.php?gsid=bremen2014_tp.c.145882.de&template=00_html_to_pdf_d	200	application/pdf	295467	https://www.transparenz.bremen.de/sixcms/detail.php?gsid=bremen2014_tp.c.145882.de&template=00_html_to_pdf_d
2026-09-30T09:49:56Z	https://www.gesetzblatt.bremen.de/fastmedia/218/2025_09_12_GBl_Nr_0098_signed.pdf	200	application/pdf	664073	https://www.gesetzblatt.bremen.de/fastmedia/218/2025_09_12_GBl_Nr_0098_signed.pdf
2026-09-30T09:50:11Z	https://www.gesetzblatt.bremen.de/fastmedia/218/2018_06_28_GBl_Nr_0063_signed.pdf	200	application/pdf	241672	https://www.gesetzblatt.bremen.de/fastmedia/218/2018_06_28_GBl_Nr_0063_signed.pdf
2026-09-30T09:50:21Z	https://www.gesetzblatt.bremen.de/fastmedia/218/2018_06_28_GBl_Nr_0063_signed.pdf	200	application/pdf	241672	https://www.gesetzblatt.bremen.de/fastmedia/218/2018_06_28_GBl_Nr_0063_signed.pdf
e0a706281f932bd4445366e2e546b0de894f0fcfc1e5ccb1793bdcb8665e23bf  /Users/byungjin/holidays-reports/report_hb_bb_prep/scratch/hb_2018_63_a.pdf
e0a706281f932bd4445366e2e546b0de894f0fcfc1e5ccb1793bdcb8665e23bf  /Users/byungjin/holidays-reports/report_hb_bb_prep/scratch/hb_2018_63_b.pdf
2026-09-30T09:50:32Z	https://www.gesetzblatt.bremen.de/fastmedia/220/2013_Gesetzblatt.pdf	200	application/pdf	96556	https://www.gesetzblatt.bremen.de/fastmedia/220/2013_Gesetzblatt.pdf
2026-09-30T09:50:44Z	https://www.gesetzblatt.bremen.de/?skip=1900&max=100	200	text/html; charset=utf-8	45533	https://www.gesetzblatt.bremen.de/gesetzblatt-1459?max=100&skip=1900
2026-09-30T09:50:58Z	https://www.gesetzblatt.bremen.de/fastmedia/218/2013-05-31-gesetzblatt-2013-nr-33-aendg-sonn--und-feiertage.pdf	200	application/pdf	240117	https://www.gesetzblatt.bremen.de/fastmedia/218/2013-05-31-gesetzblatt-2013-nr-33-aendg-sonn--und-feiertage.pdf
2026-09-30T09:51:21Z	https://www.gesetzblatt.bremen.de/fastmedia/218/2013-03-19-gesetzblatt-2013-nr-16-sonn--und-feiertragsg.pdf	200	application/pdf	273672	https://www.gesetzblatt.bremen.de/fastmedia/218/2013-03-19-gesetzblatt-2013-nr-16-sonn--und-feiertragsg.pdf
2026-09-30T09:51:40Z	https://bravors.brandenburg.de/gesetze/ftg_2015	200	text/html; charset=utf-8	20288	https://bravors.brandenburg.de/gesetze/ftg_2015
2026-09-30T09:51:46Z	https://bravors.brandenburg.de/de/veroeffentlichungsblaetter_chronologisch/1994	200	text/html; charset=utf-8	10430	https://bravors.brandenburg.de/de/veroeffentlichungsblaetter_chronologisch/1994
2026-09-30T09:51:59Z	https://bravors.brandenburg.de/fm/76/GVBl_I_26_1994.pdf	200	application/pdf	1585756	https://bravors.brandenburg.de/fm/76/GVBl_I_26_1994.pdf
2026-09-30T09:52:13Z	https://bravors.brandenburg.de/fm/76/GVBl_I_13_2015.pdf	200	application/pdf	128605	https://bravors.brandenburg.de/fm/76/GVBl_I_13_2015.pdf
