# state_SL_fetch.log 의 발췌 — jsessionid 값만 [가림] 으로 바꿨다(세션 값은 공개 레포에 두지 않는다). 나머지는 원본과 같다.
# SL fetch log. Columns: UTC time	URL	HTTP status	content-type	bytes	final URL
# UA: holidays.lunalism.com research (contact: repo issues); >=3 s between requests; 19 requests total
# 000 = no HTTP response (connection failure), not retried
2026-09-30T09:25:13Z	https://recht.saarland.de/	200	text/html	5784	https://recht.saarland.de/bssl/
2026-09-30T09:25:27Z	https://recht.saarland.de/bssl/document/jlr-FeiertGSLrahmen	200	text/html	5784	https://recht.saarland.de/bssl/document/jlr-FeiertGSLrahmen
2026-09-30T09:25:38Z	https://www.amtsblatt.saarland.de/	200	text/html;charset=UTF-8	13084	https://www.amtsblatt.saarland.de/jportal/portal/page/fpverksl.psml
2026-09-30T09:25:54Z	https://www.amtsblatt.saarland.de/jportal/portal/page/bsverkslprod.psml	200	text/html;charset=UTF-8	23662	https://www.amtsblatt.saarland.de/jportal/portal/page/bsverkslprod.psml
2026-09-30T09:26:09Z	https://www.amtsblatt.saarland.de/jportal/portal/page/bsverkslprod.psml/js_peid/Suchportlet1/media-type/html?formhaschangedvalue=yes&eventSubmit_doSearch=suchen&action=portlets.jw.MainAction&deletemask=no&wt_form=1&form=bsverkslFastSearch&desc=all&query=Feiertagsgesetz&standardsuche=suchen	200	text/html;charset=UTF-8	65198	https://www.amtsblatt.saarland.de/jportal/portal/page/bsverkslprod.psml/js_peid/Suchportlet1/media-type/html?formhaschangedvalue=yes&eventSubmit_doSearch=suchen&action=portlets.jw.MainAction&deletemask=no&wt_form=1&form=bsverkslFastSearch&desc=all&query=Feiertagsgesetz&standardsuche=suchen
2026-09-30T09:26:30Z	https://www.amtsblatt.saarland.de/jportal/portal/page/bsverkslprod.psml;jsessionid=[가림]?doc.hl=1&doc.id=DRS-SL-14_266&documentnumber=7&numberofresults=20&doctyp=gsldrs%3Agsldrs&showdoccase=1&doc.part=D&paramfromHL=true	200	text/html;charset=UTF-8	30816	https://www.amtsblatt.saarland.de/jportal/portal/page/bsverkslprod.psml;jsessionid=[가림]?doc.hl=1&doc.id=DRS-SL-14_266&documentnumber=7&numberofresults=20&doctyp=gsldrs%3Agsldrs&showdoccase=1&doc.part=D&paramfromHL=true
2026-09-30T09:26:44Z	https://www.amtsblatt.saarland.de/jportal/docs/anlage/gportal/bilder/sl/drs/Gs14_0266.pdf	404	application/pdf	0	https://www.amtsblatt.saarland.de/jportal/docs/anlage/gportal/bilder/sl/drs/Gs14_0266.pdf
2026-09-30T09:26:53Z	https://www.amtsblatt.saarland.de/jportal/docs/anlage/gportal/bilder/sl/drs/Gs14_0266.pdf;jsessionid=[가림]	200	application/pdf	55622	https://www.amtsblatt.saarland.de/jportal/docs/anlage/gportal/bilder/sl/drs/Gs14_0266.pdf;jsessionid=[가림]
2026-09-30T09:27:23Z	https://www.amtsblatt.saarland.de/jportal/portal/page/bsverkslprod.psml/js_peid/Suchportlet1/media-type/html?formhaschangedvalue=yes&eventSubmit_doSearch=suchen&action=portlets.jw.MainAction&deletemask=no&wt_form=1&form=bsverkslFastSearch&desc=all&query=Feiertagsgesetzes&standardsuche=suchen	200	text/html;charset=UTF-8	65215	https://www.amtsblatt.saarland.de/jportal/portal/page/bsverkslprod.psml/js_peid/Suchportlet1/media-type/html?formhaschangedvalue=yes&eventSubmit_doSearch=suchen&action=portlets.jw.MainAction&deletemask=no&wt_form=1&form=bsverkslFastSearch&desc=all&query=Feiertagsgesetzes&standardsuche=suchen
2026-09-30T09:27:37Z	https://www.amtsblatt.uni-saarland.de/	200	text/html	15596	https://www.amtsblatt.uni-saarland.de/
2026-09-30T09:27:59Z	https://www.amtsblatt.uni-saarland.de/jahrghtml/1976.html	200	text/html	21448	https://www.amtsblatt.uni-saarland.de/jahrghtml/1976.html
2026-09-30T09:28:16Z	https://www.amtsblatt.uni-saarland.de/hefte/1976/1976-013.pdf	200	application/pdf	180842	https://www.amtsblatt.uni-saarland.de/hefte/1976/1976-013.pdf
2026-09-30T09:28:51Z	https://www.amtsblatt.uni-saarland.de/suche/search.php?zoom_query=Feiertagsgesetz&zoom_per_page=100&zoom_and=1	200	text/html; charset=iso-8859-2	5537	https://www.amtsblatt.uni-saarland.de/suche/search.php?zoom_query=Feiertagsgesetz&zoom_per_page=100&zoom_and=1
2026-09-30T09:29:01Z	https://www.amtsblatt.uni-saarland.de/suche/search.php?zoom_query=Feiertage&zoom_per_page=100&zoom_and=1	200	text/html; charset=iso-8859-2	12999	https://www.amtsblatt.uni-saarland.de/suche/search.php?zoom_query=Feiertage&zoom_per_page=100&zoom_and=1
2026-09-30T09:29:19Z	https://www.amtsblatt.saarland.de/jportal/portal/page/bsverkslprod.psml;jsessionid=[가림]?doc.hl=1&doc.id=VB-SL-ABlI2015789-G&documentnumber=8&numberofresults=20&doctyp=Verkuendungsblatt%3Asl-abl-i-ges&showdoccase=1&doc.part=D&paramfromHL=true	200	text/html;charset=UTF-8	30890	https://www.amtsblatt.saarland.de/jportal/portal/page/bsverkslprod.psml;jsessionid=[가림]?doc.hl=1&doc.id=VB-SL-ABlI2015789-G&documentnumber=8&numberofresults=20&doctyp=Verkuendungsblatt%3Asl-abl-i-ges&showdoccase=1&doc.part=D&paramfromHL=true
2026-09-30T09:29:32Z	https://www.amtsblatt.saarland.de/jportal/docs/anlage/sl/pdf/VerkBl/ABl/ads_33-2015_teil_I_signed.pdf;jsessionid=[가림]	200	application/pdf	19096599	https://www.amtsblatt.saarland.de/jportal/docs/anlage/sl/pdf/VerkBl/ABl/ads_33-2015_teil_I_signed.pdf;jsessionid=[가림]
2026-09-30T09:31:32Z	https://www.amtsblatt.saarland.de/jportal/?quelle=jlink&docid=VB-SL-ABlI2015789-G&psml=bsverkslprod.psml&max=true	200	text/html;charset=UTF-8	13617	https://www.amtsblatt.saarland.de/jportal/?quelle=jlink&docid=VB-SL-ABlI2015789-G&psml=bsverkslprod.psml&max=true
2026-09-30T09:31:38Z	https://www.amtsblatt.saarland.de/jportal/portal/page/bsverkslprod.psml/js_peid/Suchportlet1/media-type/html?formhaschangedvalue=yes&eventSubmit_doSearch=suchen&action=portlets.jw.MainAction&deletemask=no&wt_form=1&form=bsverkslFastSearch&desc=all&query=Feiertag&standardsuche=suchen	200	text/html;charset=UTF-8	76129	https://www.amtsblatt.saarland.de/jportal/portal/page/bsverkslprod.psml/js_peid/Suchportlet1/media-type/html?formhaschangedvalue=yes&eventSubmit_doSearch=suchen&action=portlets.jw.MainAction&deletemask=no&wt_form=1&form=bsverkslFastSearch&desc=all&query=Feiertag&standardsuche=suchen
2026-09-30T09:31:57Z	https://www.landtag-saar.de/	000		0	https://www.landtag-saar.de/
